// Jest Snapshot v1, https://goo.gl/fbAQLP

exports[`frontend/default/components/table_of_contents matches snapshot 1`] = `
<div
  class="markdown-toc table-of-contents-container position-sticky"
>
  <div
    class="table-of-contents"
  >
    <h4
      class="border-0 toc-sm d-xl-none"
    >
      <a
        aria-controls="markdown-toc"
        class="d-flex text-decoration-none border-bottom-0"
        data-testid="collapse"
        href="#"
        role="button"
      >
        <gl-icon-stub
          class="gl-pt-2 gl-mr-2 s18"
          name="chevron-right"
          size="16"
        />
         On this page
      
      </a>
    </h4>
     
    <h4
      class="border-0 gl-font-base font-weight-bold toc-lg"
    >
      On this page
    </h4>
     
    <collapsible-container-stub
      collapsedclass="sm-collapsed"
      collapsingclass="sm-collapsing"
      data-testid="container"
      iscollapsed="true"
    >
      <table-of-contents-list-stub
        class="my-0"
        data-testid="main-list"
        items="[object Object],[object Object],[object Object],[object Object],[object Object],[object Object],[object Object]"
        level="0"
      />
    </collapsible-container-stub>
  </div>
</div>
`;
